Release 12.4 - xst M.81d (nt)
Copyright (c) 1995-2010 Xilinx, Inc.  All rights reserved.
--> Parameter TMPDIR set to xst/projnav.tmp


Total REAL time to Xst completion: 2.00 secs
Total CPU time to Xst completion: 2.28 secs
 
--> Parameter xsthdpdir set to xst


Total REAL time to Xst completion: 2.00 secs
Total CPU time to Xst completion: 2.33 secs
 
--> Reading design: RoutingTable.prj

TABLE OF CONTENTS
  1) Synthesis Options Summary
  2) HDL Compilation
  3) Design Hierarchy Analysis
  4) HDL Analysis
  5) HDL Synthesis
     5.1) HDL Synthesis Report
  6) Advanced HDL Synthesis
     6.1) Advanced HDL Synthesis Report
  7) Low Level Synthesis
  8) Partition Report
  9) Final Report
	9.1) Device utilization summary
	9.2) Partition Resource Summary
	9.3) TIMING REPORT


=========================================================================
*                      Synthesis Options Summary                        *
=========================================================================
---- Source Parameters
Input File Name                    : "RoutingTable.prj"
Input Format                       : mixed
Ignore Synthesis Constraint File   : NO

---- Target Parameters
Output File Name                   : "RoutingTable"
Output Format                      : NGC
Target Device                      : xc4vsx35-10-ff668

---- Source Options
Top Module Name                    : RoutingTable
Automatic FSM Extraction           : YES
FSM Encoding Algorithm             : Auto
Safe Implementation                : No
FSM Style                          : LUT
RAM Extraction                     : Yes
RAM Style                          : Auto
ROM Extraction                     : Yes
Mux Style                          : Auto
Decoder Extraction                 : YES
Priority Encoder Extraction        : Yes
Shift Register Extraction          : YES
Logical Shifter Extraction         : YES
XOR Collapsing                     : YES
ROM Style                          : Auto
Mux Extraction                     : Yes
Resource Sharing                   : YES
Asynchronous To Synchronous        : NO
Use DSP Block                      : Auto
Automatic Register Balancing       : No

---- Target Options
Add IO Buffers                     : YES
Global Maximum Fanout              : 500
Add Generic Clock Buffer(BUFG)     : 32
Number of Regional Clock Buffers   : 24
Register Duplication               : YES
Slice Packing                      : YES
Optimize Instantiated Primitives   : NO
Use Clock Enable                   : Auto
Use Synchronous Set                : Auto
Use Synchronous Reset              : Auto
Pack IO Registers into IOBs        : Auto
Equivalent register Removal        : YES

---- General Options
Optimization Goal                  : Speed
Optimization Effort                : 1
Power Reduction                    : NO
Keep Hierarchy                     : No
Netlist Hierarchy                  : As_Optimized
RTL Output                         : Yes
Global Optimization                : AllClockNets
Read Cores                         : YES
Write Timing Constraints           : NO
Cross Clock Analysis               : NO
Hierarchy Separator                : /
Bus Delimiter                      : <>
Case Specifier                     : Maintain
Slice Utilization Ratio            : 100
BRAM Utilization Ratio             : 100
DSP48 Utilization Ratio            : 100
Verilog 2001                       : YES
Auto BRAM Packing                  : NO
Slice Utilization Ratio Delta      : 5

=========================================================================


=========================================================================
*                          HDL Compilation                              *
=========================================================================
Compiling vhdl file "C:/Users/kor/Documents/BlazeRouter/BlazePackage.vhd" in Library work.
Package <router_library> compiled.
Compiling vhdl file "C:/Users/kor/Documents/ArbiterTest/RoutingTable.vhd" in Library work.
Architecture rtl of Entity routingtable is up to date.

=========================================================================
*                     Design Hierarchy Analysis                         *
=========================================================================
Analyzing hierarchy for entity <RoutingTable> in library <work> (architecture <rtl>).


=========================================================================
*                            HDL Analysis                               *
=========================================================================
Analyzing Entity <RoutingTable> in library <work> (Architecture <rtl>).
Entity <RoutingTable> analyzed. Unit <RoutingTable> generated.


=========================================================================
*                           HDL Synthesis                               *
=========================================================================

Performing bidirectional port resolution...

Synthesizing Unit <RoutingTable>.
    Related source file is "C:/Users/kor/Documents/ArbiterTest/RoutingTable.vhd".
WARNING:Xst:647 - Input <clk> is never used. This port will be preserved and left unconnected if it belongs to a top-level block or it belongs to a sub-block and the hierarchy of this sub-block is preserved.
WARNING:Xst:647 - Input <addr> is never used. This port will be preserved and left unconnected if it belongs to a top-level block or it belongs to a sub-block and the hierarchy of this sub-block is preserved.
WARNING:Xst:2565 - Inout <data<0>> is never assigned.
WARNING:Xst:2565 - Inout <data<1>> is never assigned.
WARNING:Xst:2565 - Inout <data<2>> is never assigned.
WARNING:Xst:2565 - Inout <data<3>> is never assigned.
WARNING:Xst:647 - Input <en> is never used. This port will be preserved and left unconnected if it belongs to a top-level block or it belongs to a sub-block and the hierarchy of this sub-block is preserved.
WARNING:Xst:2565 - Inout <data<4>> is never assigned.
WARNING:Xst:2565 - Inout <data<5>> is never assigned.
WARNING:Xst:2565 - Inout <data<6>> is never assigned.
WARNING:Xst:2565 - Inout <data<7>> is never assigned.
WARNING:Xst:2565 - Inout <data<8>> is never assigned.
WARNING:Xst:2565 - Inout <data<9>> is never assigned.
WARNING:Xst:1306 - Output <busy> is never assigned.
WARNING:Xst:2565 - Inout <data<10>> is never assigned.
WARNING:Xst:2565 - Inout <data<11>> is never assigned.
WARNING:Xst:2565 - Inout <data<12>> is never assigned.
WARNING:Xst:2565 - Inout <data<13>> is never assigned.
WARNING:Xst:2565 - Inout <data<14>> is never assigned.
WARNING:Xst:2565 - Inout <data<20>> is never assigned.
WARNING:Xst:2565 - Inout <data<15>> is never assigned.
WARNING:Xst:2565 - Inout <data<21>> is never assigned.
WARNING:Xst:2565 - Inout <data<16>> is never assigned.
WARNING:Xst:2565 - Inout <data<22>> is never assigned.
WARNING:Xst:2565 - Inout <data<17>> is never assigned.
WARNING:Xst:2565 - Inout <data<23>> is never assigned.
WARNING:Xst:2565 - Inout <data<18>> is never assigned.
WARNING:Xst:2565 - Inout <data<24>> is never assigned.
WARNING:Xst:2565 - Inout <data<19>> is never assigned.
WARNING:Xst:2565 - Inout <data<30>> is never assigned.
WARNING:Xst:2565 - Inout <data<25>> is never assigned.
WARNING:Xst:2565 - Inout <data<31>> is never assigned.
WARNING:Xst:2565 - Inout <data<26>> is never assigned.
WARNING:Xst:2565 - Inout <data<27>> is never assigned.
WARNING:Xst:2565 - Inout <data<28>> is never assigned.
WARNING:Xst:2565 - Inout <data<29>> is never assigned.
WARNING:Xst:1780 - Signal <upper> is never used or assigned. This unconnected signal will be trimmed during the optimization process.
WARNING:Xst:1780 - Signal <lower> is never used or assigned. This unconnected signal will be trimmed during the optimization process.
WARNING:Xst:1780 - Signal <data_in> is never used or assigned. This unconnected signal will be trimmed during the optimization process.
Unit <RoutingTable> synthesized.


=========================================================================
HDL Synthesis Report

Found no macro
=========================================================================

=========================================================================
*                       Advanced HDL Synthesis                          *
=========================================================================


=========================================================================
Advanced HDL Synthesis Report

Found no macro
=========================================================================

=========================================================================
*                         Low Level Synthesis                           *
=========================================================================

Optimizing unit <RoutingTable> ...

Mapping all equations...
Building and optimizing final netlist ...
Found area constraint ratio of 100 (+ 5) on block RoutingTable, actual ratio is 0.

Final Macro Processing ...

=========================================================================
Final Register Report

Found no macro
=========================================================================

=========================================================================
*                           Partition Report                            *
=========================================================================

Partition Implementation Status
-------------------------------

  No Partitions were found in this design.

-------------------------------

=========================================================================
*                            Final Report                               *
=========================================================================
Final Results
RTL Top Level Output File Name     : RoutingTable.ngr
Top Level Output File Name         : RoutingTable
Output Format                      : NGC
Optimization Goal                  : Speed
Keep Hierarchy                     : No

Design Statistics
# IOs                              : 38

Cell Usage :
=========================================================================

Device utilization summary:
---------------------------

Selected Device : 4vsx35ff668-10 

 Number of Slices:                        0  out of  15360     0%  
 Number of IOs:                          38
 Number of bonded IOBs:                   0  out of    448     0%  

---------------------------
Partition Resource Summary:
---------------------------

  No Partitions were found in this design.

---------------------------


=========================================================================
TIMING REPORT

NOTE: THESE TIMING NUMBERS ARE ONLY A SYNTHESIS ESTIMATE.
      FOR ACCURATE TIMING INFORMATION PLEASE REFER TO THE TRACE REPORT
      GENERATED AFTER PLACE-and-ROUTE.

Clock Information:
------------------
No clock signals found in this design

Asynchronous Control Signals Information:
----------------------------------------
No asynchronous control signals found in this design

Timing Summary:
---------------
Speed Grade: -10

   Minimum period: No path found
   Minimum input arrival time before clock: No path found
   Maximum output required time after clock: No path found
   Maximum combinational path delay: No path found

Timing Detail:
--------------
All values displayed in nanoseconds (ns)

=========================================================================


Total REAL time to Xst completion: 9.00 secs
Total CPU time to Xst completion: 8.67 secs
 
--> 

Total memory usage is 197736 kilobytes

Number of errors   :    0 (   0 filtered)
Number of warnings :   39 (   0 filtered)
Number of infos    :    0 (   0 filtered)

